馃И Starting Feature Tests...

鉁?Test 1: Home Page Loading
   Page Title: 棣栭〉 | 闀垮畨浠佺埍鎱堝杽鍩洪噾浼?   News Tabs Found: 鉁?
鉁?Test 2: Search Page
   Search Results Found: 1

鉁?Test 3: Fund Detail Page
   Fund Title: 鎼滅储
   Share Buttons: 鉁?
鉁?Test 4: User Profile Page
   Login Required: 鉁?
鉁?Test 5: Donation History Page
   Page Loaded: 鉁?
鉁?Test 6: Financial Reports Page
   Financial Reports: 鉁?
鉁?Test 7: Annual Reports Page
   Annual Reports: 鉁?
鉁?Test 8: Download Center Page
   Download Center: 鉁?
鉁?Test 9: Admin Login
   Admin Login: 鉁?
鉁?Test 10: Admin Dashboard
   Dashboard Loaded: 鉁?   Charts Found: 3

鉁?Test 11: About Content Editor
   Editor Loaded: 鉁?   Rich Text Editor: 鉁?
鉁?Test 12: Category Manager
   Category Manager: 鉁?
鉁?Test 13: Fund Manager
   Fund Manager: 鉁?
馃帀 All Tests Completed!

